[     826ms] [ERROR] Failed to load resource: the server responded with a status of 500 (Internal Server Error) @ http://localhost:3000/settings:0
[     900ms] [INFO] %cDownload the React DevTools for a better development experience: https://react.dev/link/react-devtools font-weight:bold @ http://localhost:3000/_next/static/chunks/node_modules_react-dom_0kla17-._.js:15305
[     944ms] Error: ./.next-internal/server/app/(field)/settings/page/actions.js:3:1
Export ServiceName doesn't exist in target module
  1 | export {getKeyStatuses as '00433b4304f4f2121b61db55dc335019e00100cd60'} from 'ACTIONS_MODULE0'
  2 | export {saveServiceKey as '6053095887f25ad0c06d85f146db52de651cbe6a0d'} from 'ACTIONS_MODULE0'
> 3 | export {ServiceName as '7f5d9fac57f568defec74d74912122d52639449c9a'} from 'ACTIONS_MODULE0'
    | ^^^^^^^^^^^^^^^^^^^^^^^^^^^^^^^^^^^^^^^^^^^^^^^^^^^^^^^^^^^^^^^^^^^^^^^^^^^^^^^^^^^^^^^^^^^
  4 | export {saveServiceKey as '6053095887f25ad0c06d85f146db52de651cbe6a0d'} from 'ACTIONS_MODULE0'
  5 |

The export ServiceName was not found in module [project]/app/actions/settings.ts [app-rsc] (ecmascript).
Did you mean to import saveServiceKey?
All exports of the module are statically known (It doesn't have dynamic exports). So it's known statically that the requested export doesn't exist.


    at <unknown> (Error: ./.next-internal/server/app/(field)/settings/page/actions.js:3:1)
    at Object.getCompilationErrors (file:///Users/shaiaviv/Projects/grain/node_modules/next/dist/server/dev/hot-reloader-turbopack.js:1186:59)
    at DevBundlerService.getCompilationError (file:///Users/shaiaviv/Projects/grain/node_modules/next/dist/server/lib/dev-bundler-service.js:44:55)
    at DevServer.getCompilationError (file:///Users/shaiaviv/Projects/grain/node_modules/next/dist/server/dev/next-dev-server.js:720:42)
    at DevServer.findPageComponents (file:///Users/shaiaviv/Projects/grain/node_modules/next/dist/server/dev/next-dev-server.js:690:43)
    at async DevServer.renderErrorToResponseImpl (file:///Users/shaiaviv/Projects/grain/node_modules/next/dist/server/base-server.js:1753:26)
[     944ms] [LOG] [HMR] connected @ http://localhost:3000/_next/static/chunks/node_modules_next_dist_1gdrd03._.js:1226
[     947ms] [ERROR] ./.next-internal/server/app/(field)/settings/page/actions.js:3:1
Export ServiceName doesn't exist in target module
  1 | export {getKeyStatuses as '00433b4304f4f2121b61db55dc335019e00100cd60'} from 'ACTIONS_MODULE0'
  2 | export {saveServiceKey as '6053095887f25ad0c06d85f146db52de651cbe6a0d'} from 'ACTIONS_MODULE0'
> 3 | export {ServiceName as '7f5d9fac57f568defec74d74912122d52639449c9a'} from 'ACTIONS_MODULE0'
    | ^^^^^^^^^^^^^^^^^^^^^^^^^^^^^^^^^^^^^^^^^^^^^^^^^^^^^^^^^^^^^^^^^^^^^^^^^^^^^^^^^^^^^^^^^^^
  4 | export {saveServiceKey as '6053095887f25ad0c06d85f146db52de651cbe6a0d'} from 'ACTIONS_MODULE0'
  5 |

The export ServiceName was not found in module [project]/app/actions/settings.ts [app-rsc] (ecmascript).
Did you mean to import saveServiceKey?
All exports of the module are statically known (It doesn't have dynamic exports). So it's known statically that the requested export doesn't exist. @ http://localhost:3000/_next/static/chunks/node_modules_next_dist_1gdrd03._.js:1945
[   38613ms] [INFO] %cDownload the React DevTools for a better development experience: https://react.dev/link/react-devtools font-weight:bold @ http://localhost:3000/_next/static/chunks/node_modules_next_dist_1ybzpk2._.js:2477
[   38739ms] [LOG] [HMR] connected @ http://localhost:3000/_next/static/chunks/node_modules_next_dist_1ybzpk2._.js:2477
[   38754ms] [ERROR] Manifest: Line: 1, column: 1, Syntax error. @ http://localhost:3000/manifest.json:0
[   38802ms] [ERROR] Manifest: Line: 1, column: 1, Syntax error. @ http://localhost:3000/manifest.json:0
